Aug-14 15:11:55.906 [main] DEBUG nextflow.cli.Launcher - Setting https proxy: ProxyConfig[protocol=https; host=proxy; port=3128]
Aug-14 15:11:55.964 [main] DEBUG nextflow.cli.Launcher - $> nextflow run main.nf -profile cluster
Aug-14 15:11:56.079 [main] DEBUG nextflow.cli.CmdRun - N E X T F L O W  ~  version 25.04.2
Aug-14 15:11:56.128 [main] DEBUG nextflow.plugin.PluginsFacade - Setting up plugin manager > mode=prod; embedded=false; plugins-dir=/home/asmirnov/.nextflow/plugins; core-plugins: nf-amazon@2.15.0,nf-azure@1.16.0,nf-cloudcache@0.4.3,nf-codecommit@0.2.3,nf-console@1.2.1,nf-google@1.21.0,nf-k8s@1.0.0,nf-tower@1.11.2,nf-wave@1.12.1
Aug-14 15:11:56.166 [main] INFO  o.pf4j.DefaultPluginStatusProvider - Enabled plugins: []
Aug-14 15:11:56.167 [main] INFO  o.pf4j.DefaultPluginStatusProvider - Disabled plugins: []
Aug-14 15:11:56.170 [main] INFO  org.pf4j.DefaultPluginManager - PF4J version 3.12.0 in 'deployment' mode
Aug-14 15:11:56.188 [main] INFO  org.pf4j.AbstractPluginManager - No plugins
Aug-14 15:11:56.219 [main] DEBUG nextflow.config.ConfigBuilder - Found config local: /home/asmirnov/dissertation_new/TCR_PRED_DATA/nextflow.config
Aug-14 15:11:56.225 [main] DEBUG nextflow.config.ConfigBuilder - Parsing config file: /home/asmirnov/dissertation_new/TCR_PRED_DATA/nextflow.config
Aug-14 15:11:56.291 [main] DEBUG n.secret.LocalSecretsProvider - Secrets store: /home/asmirnov/.nextflow/secrets/store.json
Aug-14 15:11:56.296 [main] DEBUG nextflow.secret.SecretsLoader - Discovered secrets providers: [nextflow.secret.LocalSecretsProvider@1bcb79c2] - activable => nextflow.secret.LocalSecretsProvider@1bcb79c2
Aug-14 15:11:56.369 [main] DEBUG nextflow.config.ConfigBuilder - Applying config profile: `cluster`
Aug-14 15:11:57.237 [main] DEBUG nextflow.config.ConfigBuilder - Available config profiles: [cluster]
Aug-14 15:11:57.302 [main] DEBUG nextflow.cli.CmdRun - Applied DSL=2 by global default
Aug-14 15:11:57.323 [main] DEBUG nextflow.cli.CmdRun - Launching `main.nf` [mad_kilby] DSL2 - revision: d0fd39dfcc
Aug-14 15:11:57.326 [main] DEBUG nextflow.plugin.PluginsFacade - Plugins default=[]
Aug-14 15:11:57.327 [main] DEBUG nextflow.plugin.PluginsFacade - Plugins resolved requirement=[]
Aug-14 15:11:57.391 [main] DEBUG nextflow.Session - Session UUID: 5be69e6b-9b10-4063-bd80-d3a343314b79
Aug-14 15:11:57.391 [main] DEBUG nextflow.Session - Run name: mad_kilby
Aug-14 15:11:57.392 [main] DEBUG nextflow.Session - Executor pool size: 2
Aug-14 15:11:57.402 [main] DEBUG nextflow.file.FilePorter - File porter settings maxRetries=3; maxTransfers=50; pollTimeout=null
Aug-14 15:11:57.410 [main] DEBUG nextflow.util.ThreadPoolBuilder - Creating thread pool 'FileTransfer' minSize=10; maxSize=10; workQueue=LinkedBlockingQueue[-1]; allowCoreThreadTimeout=false
Aug-14 15:11:57.471 [main] DEBUG nextflow.cli.CmdRun - 
  Version: 25.04.2 build 5947
  Created: 13-05-2025 21:58 UTC (14-05-2025 00:58 MSK)
  System: Linux 5.4.0-165-generic
  Runtime: Groovy 4.0.26 on OpenJDK 64-Bit Server VM 23.0.2-internal-adhoc.conda.src
  Encoding: UTF-8 (ANSI_X3.4-1968)
  Process: 2485146@frontend-1-2-13 [10.64.12.13]
  CPUs: 2 - Mem: 16 GB (13.9 GB) - Swap: 0 (0)
Aug-14 15:12:01.746 [main] DEBUG nextflow.Session - Work-dir: /home/asmirnov/dissertation_new/TCR_PRED_DATA/work [ceph]
Aug-14 15:12:01.748 [main] DEBUG nextflow.Session - Script base path does not exist or is not a directory: /home/asmirnov/dissertation_new/TCR_PRED_DATA/bin
Aug-14 15:12:01.772 [main] DEBUG nextflow.executor.ExecutorFactory - Extension executors providers=[]
Aug-14 15:12:01.796 [main] DEBUG nextflow.Session - Observer factory: DefaultObserverFactory
Aug-14 15:12:01.805 [main] DEBUG nextflow.Session - Observer factory (v2): LinObserverFactory
Aug-14 15:12:01.845 [main] DEBUG nextflow.cache.CacheFactory - Using Nextflow cache factory: nextflow.cache.DefaultCacheFactory
Aug-14 15:12:01.858 [main] DEBUG nextflow.util.CustomThreadPool - Creating default thread pool > poolSize: 3; maxThreads: 1000
Aug-14 15:12:02.274 [main] DEBUG nextflow.Session - Session start
Aug-14 15:12:03.684 [main] DEBUG nextflow.script.ScriptRunner - > Launching execution
Aug-14 15:12:03.901 [main] DEBUG nextflow.script.ProcessConfig - Config settings `withLabel:process_single` matches labels `process_single` for process with name FETCH
Aug-14 15:12:03.920 [main] DEBUG nextflow.executor.ExecutorFactory - << taskConfig executor: slurm
Aug-14 15:12:03.921 [main] DEBUG nextflow.executor.ExecutorFactory - >> processorType: 'slurm'
Aug-14 15:12:03.932 [main] DEBUG nextflow.executor.Executor - [warm up] executor > slurm
Aug-14 15:12:03.942 [main] DEBUG n.processor.TaskPollingMonitor - Creating task monitor for executor 'slurm' > capacity: 10; pollInterval: 5s; dumpInterval: 5m 
Aug-14 15:12:03.944 [main] DEBUG n.processor.TaskPollingMonitor - >>> barrier register (monitor: slurm)
Aug-14 15:12:03.947 [main] DEBUG n.executor.AbstractGridExecutor - Creating executor 'slurm' > queue-stat-interval: 1m
Aug-14 15:12:03.978 [main] DEBUG nextflow.processor.TaskProcessor - Creating process 'FETCH': maxForks=0; fair=false; array=0
Aug-14 15:12:04.044 [main] DEBUG nextflow.script.ProcessConfig - Config settings `withLabel:process_single` matches labels `process_single` for process with name CLEAN
Aug-14 15:12:04.048 [main] DEBUG nextflow.executor.ExecutorFactory - << taskConfig executor: slurm
Aug-14 15:12:04.048 [main] DEBUG nextflow.executor.ExecutorFactory - >> processorType: 'slurm'
Aug-14 15:12:04.049 [main] DEBUG nextflow.processor.TaskProcessor - Creating process 'CLEAN': maxForks=0; fair=false; array=0
Aug-14 15:12:04.076 [main] DEBUG nextflow.script.ProcessConfig - Config settings `withLabel:process_single` matches labels `process_single` for process with name MERGE
Aug-14 15:12:04.077 [main] DEBUG nextflow.script.ProcessConfig - Config settings `withName:MERGE` matches process MERGE
Aug-14 15:12:04.080 [main] DEBUG nextflow.executor.ExecutorFactory - << taskConfig executor: slurm
Aug-14 15:12:04.081 [main] DEBUG nextflow.executor.ExecutorFactory - >> processorType: 'slurm'
Aug-14 15:12:04.081 [main] DEBUG nextflow.processor.TaskProcessor - Creating process 'MERGE': maxForks=0; fair=false; array=0
Aug-14 15:12:04.090 [main] DEBUG nextflow.script.ProcessConfig - Config settings `withName:CALC_STAT` matches process CALC_STAT
Aug-14 15:12:04.092 [main] DEBUG nextflow.executor.ExecutorFactory - << taskConfig executor: slurm
Aug-14 15:12:04.092 [main] DEBUG nextflow.executor.ExecutorFactory - >> processorType: 'slurm'
Aug-14 15:12:04.093 [main] DEBUG nextflow.processor.TaskProcessor - Creating process 'CALC_STAT': maxForks=0; fair=false; array=0
Aug-14 15:12:04.136 [main] DEBUG nextflow.script.ProcessConfig - Config settings `withLabel:process_single` matches labels `process_single` for process with name SPLIT_SAMPLE
Aug-14 15:12:04.144 [main] DEBUG nextflow.executor.ExecutorFactory - << taskConfig executor: slurm
Aug-14 15:12:04.145 [main] DEBUG nextflow.executor.ExecutorFactory - >> processorType: 'slurm'
Aug-14 15:12:04.148 [main] DEBUG nextflow.processor.TaskProcessor - Creating process 'SPLIT_SAMPLE': maxForks=0; fair=false; array=0
Aug-14 15:12:04.150 [main] DEBUG nextflow.processor.TaskProcessor - Creating *combiner* operator for each param(s) at index(es): [1]
Aug-14 15:12:04.165 [main] DEBUG nextflow.script.ProcessConfig - Config settings `withName:CONVERT` matches process CONVERT
Aug-14 15:12:04.168 [main] DEBUG nextflow.executor.ExecutorFactory - << taskConfig executor: slurm
Aug-14 15:12:04.168 [main] DEBUG nextflow.executor.ExecutorFactory - >> processorType: 'slurm'
Aug-14 15:12:04.169 [main] DEBUG nextflow.processor.TaskProcessor - Creating process 'CONVERT': maxForks=0; fair=false; array=0
Aug-14 15:12:04.175 [main] DEBUG nextflow.Session - Workflow process names [dsl2]: CONVERT, FETCH, SPLIT_SAMPLE, MERGE, CLEAN, CALC_STAT
Aug-14 15:12:04.178 [main] DEBUG nextflow.Session - Igniting dataflow network (11)
Aug-14 15:12:04.184 [main] DEBUG nextflow.processor.TaskProcessor - Starting process > FETCH
Aug-14 15:12:04.184 [main] DEBUG nextflow.processor.TaskProcessor - Starting process > CLEAN
Aug-14 15:12:04.184 [main] DEBUG nextflow.processor.TaskProcessor - Starting process > MERGE
Aug-14 15:12:04.184 [main] DEBUG nextflow.processor.TaskProcessor - Starting process > CALC_STAT
Aug-14 15:12:04.188 [main] DEBUG nextflow.processor.TaskProcessor - Starting process > SPLIT_SAMPLE
Aug-14 15:12:04.193 [main] DEBUG nextflow.processor.TaskProcessor - Starting process > SPLIT_SAMPLE
Aug-14 15:12:04.193 [main] DEBUG nextflow.processor.TaskProcessor - Starting process > CONVERT
Aug-14 15:12:04.193 [main] DEBUG nextflow.script.ScriptRunner - Parsed script files:
  Script_2d31df1a6fed5548: /home/asmirnov/dissertation_new/TCR_PRED_DATA/main.nf
Aug-14 15:12:04.194 [main] DEBUG nextflow.script.ScriptRunner - > Awaiting termination 
Aug-14 15:12:04.194 [main] DEBUG nextflow.Session - Session await
Aug-14 15:12:04.384 [Actor Thread 6] DEBUG nextflow.conda.CondaCache - conda found local env for environment=/home/asmirnov/dissertation_new/TCR_PRED_DATA/envs/tcr_pred.yml; path=/home/asmirnov/dissertation_new/TCR_PRED_DATA/work/conda/env-384e47e8e9c25180-7b18e02b2d92ef20ffd5fb981cc0aac9
Aug-14 15:12:04.570 [Task submitter] DEBUG nextflow.executor.GridTaskHandler - [SLURM] submitted process FETCH (IEDB) > jobId: 887216; workDir: /home/asmirnov/dissertation_new/TCR_PRED_DATA/work/45/3de8cab7ef5343f60257024f9390be
Aug-14 15:12:04.571 [Task submitter] INFO  nextflow.Session - [45/3de8ca] Submitted process > FETCH (IEDB)
Aug-14 15:12:04.605 [Task submitter] DEBUG nextflow.executor.GridTaskHandler - [SLURM] submitted process FETCH (CEDAR) > jobId: 887217; workDir: /home/asmirnov/dissertation_new/TCR_PRED_DATA/work/c5/de63f9f2806b597a27f73f3f09778e
Aug-14 15:12:04.606 [Task submitter] INFO  nextflow.Session - [c5/de63f9] Submitted process > FETCH (CEDAR)
Aug-14 15:12:04.633 [Task submitter] DEBUG nextflow.executor.GridTaskHandler - [SLURM] submitted process FETCH (VDJdb) > jobId: 887218; workDir: /home/asmirnov/dissertation_new/TCR_PRED_DATA/work/6c/7d0e0a868a539aaf5e4f3baebe8fb0
Aug-14 15:12:04.634 [Task submitter] INFO  nextflow.Session - [6c/7d0e0a] Submitted process > FETCH (VDJdb)
Aug-14 15:12:04.662 [Task submitter] DEBUG nextflow.executor.GridTaskHandler - [SLURM] submitted process FETCH (McPAS) > jobId: 887219; workDir: /home/asmirnov/dissertation_new/TCR_PRED_DATA/work/62/9502d6eb285d7b9d4a8263f1aad44a
Aug-14 15:12:04.663 [Task submitter] INFO  nextflow.Session - [62/9502d6] Submitted process > FETCH (McPAS)
Aug-14 15:12:04.692 [Task submitter] DEBUG nextflow.executor.GridTaskHandler - [SLURM] submitted process FETCH (MIRA) > jobId: 887220; workDir: /home/asmirnov/dissertation_new/TCR_PRED_DATA/work/1d/53f80eb96cfa0a04d75d81210aed96
Aug-14 15:12:04.692 [Task submitter] INFO  nextflow.Session - [1d/53f80e] Submitted process > FETCH (MIRA)
Aug-14 15:12:04.718 [Task submitter] DEBUG nextflow.executor.GridTaskHandler - [SLURM] submitted process FETCH (PIRD) > jobId: 887221; workDir: /home/asmirnov/dissertation_new/TCR_PRED_DATA/work/f0/69863005a9ae55021469771df6f45b
Aug-14 15:12:04.719 [Task submitter] INFO  nextflow.Session - [f0/698630] Submitted process > FETCH (PIRD)
Aug-14 15:13:14.089 [Task monitor] DEBUG n.processor.TaskPollingMonitor - Task completed > TaskHandler[jobId: 887219; id: 4; name: FETCH (McPAS); status: COMPLETED; exit: 0; error: -; workDir: /home/asmirnov/dissertation_new/TCR_PRED_DATA/work/62/9502d6eb285d7b9d4a8263f1aad44a started: 1755173529809; exited: 2025-08-14T12:13:09.191304353Z; ]
Aug-14 15:13:14.091 [Task monitor] DEBUG nextflow.util.ThreadPoolBuilder - Creating thread pool 'TaskFinalizer' minSize=10; maxSize=10; workQueue=LinkedBlockingQueue[-1]; allowCoreThreadTimeout=false
Aug-14 15:13:14.540 [Task submitter] DEBUG nextflow.executor.GridTaskHandler - [SLURM] submitted process CLEAN (McPAS) > jobId: 887222; workDir: /home/asmirnov/dissertation_new/TCR_PRED_DATA/work/d9/c6d2f697ca3b8731e947f7f652bcb8
Aug-14 15:13:14.540 [Task submitter] INFO  nextflow.Session - [d9/c6d2f6] Submitted process > CLEAN (McPAS)
Aug-14 15:13:19.352 [Task monitor] DEBUG n.processor.TaskPollingMonitor - Task completed > TaskHandler[jobId: 887218; id: 3; name: FETCH (VDJdb); status: COMPLETED; exit: 0; error: -; workDir: /home/asmirnov/dissertation_new/TCR_PRED_DATA/work/6c/7d0e0a868a539aaf5e4f3baebe8fb0 started: 1755173529460; exited: 2025-08-14T12:13:18.051220749Z; ]
Aug-14 15:13:19.410 [Task monitor] DEBUG n.processor.TaskPollingMonitor - Task completed > TaskHandler[jobId: 887220; id: 6; name: FETCH (MIRA); status: COMPLETED; exit: 0; error: -; workDir: /home/asmirnov/dissertation_new/TCR_PRED_DATA/work/1d/53f80eb96cfa0a04d75d81210aed96 started: 1755173530013; exited: 2025-08-14T12:13:17.519225769Z; ]
Aug-14 15:13:19.558 [Task submitter] DEBUG nextflow.executor.GridTaskHandler - [SLURM] submitted process CLEAN (VDJdb) > jobId: 887223; workDir: /home/asmirnov/dissertation_new/TCR_PRED_DATA/work/04/b84e9a380832b86f2fe50e06e7c3ba
Aug-14 15:13:19.558 [Task submitter] INFO  nextflow.Session - [04/b84e9a] Submitted process > CLEAN (VDJdb)
Aug-14 15:13:19.625 [Task submitter] DEBUG nextflow.executor.GridTaskHandler - [SLURM] submitted process CLEAN (MIRA) > jobId: 887224; workDir: /home/asmirnov/dissertation_new/TCR_PRED_DATA/work/dd/766901771fc57480c7bdb84603128d
Aug-14 15:13:19.625 [Task submitter] INFO  nextflow.Session - [dd/766901] Submitted process > CLEAN (MIRA)
Aug-14 15:13:24.133 [Task monitor] DEBUG n.processor.TaskPollingMonitor - Task completed > TaskHandler[jobId: 887222; id: 7; name: CLEAN (McPAS); status: COMPLETED; exit: 0; error: -; workDir: /home/asmirnov/dissertation_new/TCR_PRED_DATA/work/d9/c6d2f697ca3b8731e947f7f652bcb8 started: 1755173599459; exited: 2025-08-14T12:13:20.235200137Z; ]
Aug-14 15:13:39.067 [Task monitor] DEBUG n.processor.TaskPollingMonitor - Task completed > TaskHandler[jobId: 887221; id: 5; name: FETCH (PIRD); status: COMPLETED; exit: 0; error: -; workDir: /home/asmirnov/dissertation_new/TCR_PRED_DATA/work/f0/69863005a9ae55021469771df6f45b started: 1755173530198; exited: 2025-08-14T12:13:38.027032174Z; ]
Aug-14 15:13:39.312 [Task submitter] DEBUG nextflow.executor.GridTaskHandler - [SLURM] submitted process CLEAN (PIRD) > jobId: 887225; workDir: /home/asmirnov/dissertation_new/TCR_PRED_DATA/work/58/6d94b26748ecebf6cc3fc15cdd64d6
Aug-14 15:13:39.313 [Task submitter] INFO  nextflow.Session - [58/6d94b2] Submitted process > CLEAN (PIRD)
Aug-14 15:13:44.185 [Task monitor] DEBUG n.processor.TaskPollingMonitor - Task completed > TaskHandler[jobId: 887225; id: 10; name: CLEAN (PIRD); status: COMPLETED; exit: 0; error: -; workDir: /home/asmirnov/dissertation_new/TCR_PRED_DATA/work/58/6d94b26748ecebf6cc3fc15cdd64d6 started: 1755173624134; exited: 2025-08-14T12:13:43.514980348Z; ]
Aug-14 15:13:49.345 [Task monitor] DEBUG n.processor.TaskPollingMonitor - Task completed > TaskHandler[jobId: 887224; id: 9; name: CLEAN (MIRA); status: COMPLETED; exit: 0; error: -; workDir: /home/asmirnov/dissertation_new/TCR_PRED_DATA/work/dd/766901771fc57480c7bdb84603128d started: 1755173604233; exited: 2025-08-14T12:13:46.25495447Z; ]
Aug-14 15:14:14.896 [Task monitor] DEBUG n.processor.TaskPollingMonitor - Task completed > TaskHandler[jobId: 887223; id: 8; name: CLEAN (VDJdb); status: COMPLETED; exit: 0; error: -; workDir: /home/asmirnov/dissertation_new/TCR_PRED_DATA/work/04/b84e9a380832b86f2fe50e06e7c3ba started: 1755173604181; exited: 2025-08-14T12:14:09.61473377Z; ]
Aug-14 15:16:54.035 [Task monitor] DEBUG n.processor.TaskPollingMonitor - Task completed > TaskHandler[jobId: 887217; id: 2; name: FETCH (CEDAR); status: COMPLETED; exit: 0; error: -; workDir: /home/asmirnov/dissertation_new/TCR_PRED_DATA/work/c5/de63f9f2806b597a27f73f3f09778e started: 1755173529362; exited: 2025-08-14T12:16:51.280777383Z; ]
Aug-14 15:16:54.186 [Task submitter] DEBUG nextflow.executor.GridTaskHandler - [SLURM] submitted process CLEAN (CEDAR) > jobId: 887226; workDir: /home/asmirnov/dissertation_new/TCR_PRED_DATA/work/d2/d5aea7299ab38da3ed9e08eabb1d2e
Aug-14 15:16:54.187 [Task submitter] INFO  nextflow.Session - [d2/d5aea7] Submitted process > CLEAN (CEDAR)
Aug-14 15:17:08.982 [Task monitor] DEBUG n.processor.TaskPollingMonitor - !! executor slurm > tasks to be completed: 2 -- submitted tasks are shown below
~> TaskHandler[jobId: 887216; id: 1; name: FETCH (IEDB); status: RUNNING; exit: -; error: -; workDir: /home/asmirnov/dissertation_new/TCR_PRED_DATA/work/45/3de8cab7ef5343f60257024f9390be started: 1755173529221; exited: -; ]
~> TaskHandler[jobId: 887226; id: 11; name: CLEAN (CEDAR); status: RUNNING; exit: -; error: -; workDir: /home/asmirnov/dissertation_new/TCR_PRED_DATA/work/d2/d5aea7299ab38da3ed9e08eabb1d2e started: 1755173819080; exited: -; ]
Aug-14 15:17:39.051 [Task monitor] DEBUG n.processor.TaskPollingMonitor - Task completed > TaskHandler[jobId: 887226; id: 11; name: CLEAN (CEDAR); status: COMPLETED; exit: 0; error: -; workDir: /home/asmirnov/dissertation_new/TCR_PRED_DATA/work/d2/d5aea7299ab38da3ed9e08eabb1d2e started: 1755173819080; exited: 2025-08-14T12:17:34.489010401Z; ]
Aug-14 15:19:39.144 [Task monitor] DEBUG n.processor.TaskPollingMonitor - Task completed > TaskHandler[jobId: 887216; id: 1; name: FETCH (IEDB); status: COMPLETED; exit: 0; error: -; workDir: /home/asmirnov/dissertation_new/TCR_PRED_DATA/work/45/3de8cab7ef5343f60257024f9390be started: 1755173529221; exited: 2025-08-14T12:19:38.889680785Z; ]
Aug-14 15:19:39.348 [Task submitter] DEBUG nextflow.executor.GridTaskHandler - [SLURM] submitted process CLEAN (IEDB) > jobId: 887227; workDir: /home/asmirnov/dissertation_new/TCR_PRED_DATA/work/79/f498f6972490d8b81fd0c3619299a3
Aug-14 15:19:39.349 [Task submitter] INFO  nextflow.Session - [79/f498f6] Submitted process > CLEAN (IEDB)
Aug-14 15:20:39.967 [Task monitor] DEBUG n.processor.TaskPollingMonitor - Task completed > TaskHandler[jobId: 887227; id: 12; name: CLEAN (IEDB); status: COMPLETED; exit: 0; error: -; workDir: /home/asmirnov/dissertation_new/TCR_PRED_DATA/work/79/f498f6972490d8b81fd0c3619299a3 started: 1755173984218; exited: 2025-08-14T12:20:34.613980871Z; ]
Aug-14 15:20:40.156 [Task submitter] DEBUG nextflow.executor.GridTaskHandler - [SLURM] submitted process MERGE (tcr_epitope) > jobId: 887228; workDir: /home/asmirnov/dissertation_new/TCR_PRED_DATA/work/81/e7fdac71eb6a48f7228f7619ed5e74
Aug-14 15:20:40.157 [Task submitter] INFO  nextflow.Session - [81/e7fdac] Submitted process > MERGE (tcr_epitope)
Aug-14 15:20:40.194 [Task submitter] DEBUG nextflow.executor.GridTaskHandler - [SLURM] submitted process MERGE (tcr_mhc) > jobId: 887229; workDir: /home/asmirnov/dissertation_new/TCR_PRED_DATA/work/1e/0b5bdeb5438af0fad050acdd614c3a
Aug-14 15:20:40.194 [Task submitter] INFO  nextflow.Session - [1e/0b5bde] Submitted process > MERGE (tcr_mhc)
Aug-14 15:20:59.618 [Task monitor] DEBUG n.processor.TaskPollingMonitor - Task completed > TaskHandler[jobId: 887228; id: 13; name: MERGE (tcr_epitope); status: COMPLETED; exit: 0; error: -; workDir: /home/asmirnov/dissertation_new/TCR_PRED_DATA/work/81/e7fdac71eb6a48f7228f7619ed5e74 started: 1755174044201; exited: 2025-08-14T12:20:58.098107304Z; ]
Aug-14 15:20:59.679 [TaskFinalizer-3] DEBUG nextflow.util.ThreadPoolBuilder - Creating thread pool 'PublishDir' minSize=10; maxSize=10; workQueue=LinkedBlockingQueue[-1]; allowCoreThreadTimeout=false
Aug-14 15:20:59.750 [Task monitor] DEBUG n.processor.TaskPollingMonitor - Task completed > TaskHandler[jobId: 887229; id: 14; name: MERGE (tcr_mhc); status: COMPLETED; exit: 0; error: -; workDir: /home/asmirnov/dissertation_new/TCR_PRED_DATA/work/1e/0b5bdeb5438af0fad050acdd614c3a started: 1755174044291; exited: 2025-08-14T12:20:57.426103687Z; ]
Aug-14 15:21:00.035 [Task submitter] DEBUG nextflow.executor.GridTaskHandler - [SLURM] submitted process CALC_STAT (tcr_epitope.csv) > jobId: 887230; workDir: /home/asmirnov/dissertation_new/TCR_PRED_DATA/work/9d/7c9e86553cc6c9634b4d18a4a66be7
Aug-14 15:21:00.035 [Task submitter] INFO  nextflow.Session - [9d/7c9e86] Submitted process > CALC_STAT (tcr_epitope.csv)
Aug-14 15:21:00.067 [Task submitter] DEBUG nextflow.executor.GridTaskHandler - [SLURM] submitted process SPLIT_SAMPLE (1) > jobId: 887231; workDir: /home/asmirnov/dissertation_new/TCR_PRED_DATA/work/7a/996b8f237f200b491cfaf27f9db3e3
Aug-14 15:21:00.067 [Task submitter] INFO  nextflow.Session - [7a/996b8f] Submitted process > SPLIT_SAMPLE (1)
Aug-14 15:21:00.204 [Task submitter] DEBUG nextflow.executor.GridTaskHandler - [SLURM] submitted process SPLIT_SAMPLE (2) > jobId: 887232; workDir: /home/asmirnov/dissertation_new/TCR_PRED_DATA/work/b3/06eee76e30d509da0a70fa75189217
Aug-14 15:21:00.204 [Task submitter] INFO  nextflow.Session - [b3/06eee7] Submitted process > SPLIT_SAMPLE (2)
Aug-14 15:21:00.233 [Task submitter] DEBUG nextflow.executor.GridTaskHandler - [SLURM] submitted process SPLIT_SAMPLE (3) > jobId: 887233; workDir: /home/asmirnov/dissertation_new/TCR_PRED_DATA/work/31/6b781f740e2af98fcebdaa273239a9
Aug-14 15:21:00.233 [Task submitter] INFO  nextflow.Session - [31/6b781f] Submitted process > SPLIT_SAMPLE (3)
Aug-14 15:21:00.255 [Task submitter] DEBUG nextflow.executor.GridTaskHandler - [SLURM] submitted process SPLIT_SAMPLE (4) > jobId: 887234; workDir: /home/asmirnov/dissertation_new/TCR_PRED_DATA/work/59/c75d46f04f5e7f886169d417abcd09
Aug-14 15:21:00.255 [Task submitter] INFO  nextflow.Session - [59/c75d46] Submitted process > SPLIT_SAMPLE (4)
Aug-14 15:21:00.371 [Task submitter] DEBUG nextflow.executor.GridTaskHandler - [SLURM] submitted process SPLIT_SAMPLE (5) > jobId: 887235; workDir: /home/asmirnov/dissertation_new/TCR_PRED_DATA/work/e2/4b95b85d67bdc897e53f13a504bec6
Aug-14 15:21:00.371 [Task submitter] INFO  nextflow.Session - [e2/4b95b8] Submitted process > SPLIT_SAMPLE (5)
Aug-14 15:21:00.476 [Task submitter] DEBUG nextflow.executor.GridTaskHandler - [SLURM] submitted process CALC_STAT (tcr_mhc.csv) > jobId: 887236; workDir: /home/asmirnov/dissertation_new/TCR_PRED_DATA/work/52/90f9f3d04dd2c8c3afc011ec38e288
Aug-14 15:21:00.476 [Task submitter] INFO  nextflow.Session - [52/90f9f3] Submitted process > CALC_STAT (tcr_mhc.csv)
Aug-14 15:21:00.585 [Task submitter] DEBUG nextflow.executor.GridTaskHandler - [SLURM] submitted process SPLIT_SAMPLE (6) > jobId: 887237; workDir: /home/asmirnov/dissertation_new/TCR_PRED_DATA/work/4e/03fa63fdc8d51787166fe1940b5553
Aug-14 15:21:00.586 [Task submitter] INFO  nextflow.Session - [4e/03fa63] Submitted process > SPLIT_SAMPLE (6)
Aug-14 15:21:00.697 [Task submitter] DEBUG nextflow.executor.GridTaskHandler - [SLURM] submitted process SPLIT_SAMPLE (7) > jobId: 887238; workDir: /home/asmirnov/dissertation_new/TCR_PRED_DATA/work/bd/3d9b8c5dd89f15a98f70f5b59028b0
Aug-14 15:21:00.698 [Task submitter] INFO  nextflow.Session - [bd/3d9b8c] Submitted process > SPLIT_SAMPLE (7)
Aug-14 15:21:00.808 [Task submitter] DEBUG nextflow.executor.GridTaskHandler - [SLURM] submitted process SPLIT_SAMPLE (9) > jobId: 887239; workDir: /home/asmirnov/dissertation_new/TCR_PRED_DATA/work/15/abe89dcf8b649af719d2c177d8331d
Aug-14 15:21:00.809 [Task submitter] INFO  nextflow.Session - [15/abe89d] Submitted process > SPLIT_SAMPLE (9)
Aug-14 15:21:04.480 [Task monitor] DEBUG n.processor.TaskPollingMonitor - Task completed > TaskHandler[jobId: 887231; id: 16; name: SPLIT_SAMPLE (1); status: COMPLETED; exit: 0; error: -; workDir: /home/asmirnov/dissertation_new/TCR_PRED_DATA/work/7a/996b8f237f200b491cfaf27f9db3e3 started: 1755174064195; exited: 2025-08-14T12:21:02.818132713Z; ]
Aug-14 15:21:04.508 [Task submitter] DEBUG nextflow.executor.GridTaskHandler - [SLURM] submitted process SPLIT_SAMPLE (8) > jobId: 887240; workDir: /home/asmirnov/dissertation_new/TCR_PRED_DATA/work/51/2a3d4a627106a0382fce1793be8bbc
Aug-14 15:21:04.508 [Task submitter] INFO  nextflow.Session - [51/2a3d4a] Submitted process > SPLIT_SAMPLE (8)
Aug-14 15:21:04.685 [Actor Thread 5] INFO  nextflow.conda.CondaCache - Creating env using conda: /home/asmirnov/dissertation/tools/SequenceToSDF/environment.yml [cache /home/asmirnov/dissertation_new/TCR_PRED_DATA/work/conda/env-4e8aed0bec0c6631-e5e5fe4d3932c36c679d8ea0c1c970fe]
Aug-14 15:21:09.137 [Task monitor] DEBUG n.processor.TaskPollingMonitor - Task completed > TaskHandler[jobId: 887232; id: 17; name: SPLIT_SAMPLE (2); status: COMPLETED; exit: 0; error: -; workDir: /home/asmirnov/dissertation_new/TCR_PRED_DATA/work/b3/06eee76e30d509da0a70fa75189217 started: 1755174064529; exited: 2025-08-14T12:21:07.318156938Z; ]
Aug-14 15:21:09.177 [Task submitter] DEBUG nextflow.executor.GridTaskHandler - [SLURM] submitted process SPLIT_SAMPLE (11) > jobId: 887241; workDir: /home/asmirnov/dissertation_new/TCR_PRED_DATA/work/38/22fcc48d18f0f9bb42c7f3fd445dc9
Aug-14 15:21:09.177 [Task submitter] INFO  nextflow.Session - [38/22fcc4] Submitted process > SPLIT_SAMPLE (11)
Aug-14 15:21:09.188 [Task monitor] DEBUG n.processor.TaskPollingMonitor - Task completed > TaskHandler[jobId: 887233; id: 18; name: SPLIT_SAMPLE (3); status: COMPLETED; exit: 0; error: -; workDir: /home/asmirnov/dissertation_new/TCR_PRED_DATA/work/31/6b781f740e2af98fcebdaa273239a9 started: 1755174064577; exited: 2025-08-14T12:21:05.690148174Z; ]
Aug-14 15:21:09.218 [Task submitter] DEBUG nextflow.executor.GridTaskHandler - [SLURM] submitted process SPLIT_SAMPLE (10) > jobId: 887242; workDir: /home/asmirnov/dissertation_new/TCR_PRED_DATA/work/32/349433ff073acff0d79e638b95358c
Aug-14 15:21:09.218 [Task submitter] INFO  nextflow.Session - [32/349433] Submitted process > SPLIT_SAMPLE (10)
Aug-14 15:21:09.342 [Task monitor] DEBUG n.processor.TaskPollingMonitor - Task completed > TaskHandler[jobId: 887240; id: 24; name: SPLIT_SAMPLE (8); status: COMPLETED; exit: 0; error: -; workDir: /home/asmirnov/dissertation_new/TCR_PRED_DATA/work/51/2a3d4a627106a0382fce1793be8bbc started: 1755174069239; exited: 2025-08-14T12:21:08.406162795Z; ]
Aug-14 15:21:09.367 [Task submitter] DEBUG nextflow.executor.GridTaskHandler - [SLURM] submitted process SPLIT_SAMPLE (12) > jobId: 887243; workDir: /home/asmirnov/dissertation_new/TCR_PRED_DATA/work/72/8e5128f58b58746314cc0d16519640
Aug-14 15:21:09.367 [Task submitter] INFO  nextflow.Session - [72/8e5128] Submitted process > SPLIT_SAMPLE (12)
Aug-14 15:21:14.349 [Task monitor] DEBUG n.processor.TaskPollingMonitor - Task completed > TaskHandler[jobId: 887241; id: 27; name: SPLIT_SAMPLE (11); status: COMPLETED; exit: 0; error: -; workDir: /home/asmirnov/dissertation_new/TCR_PRED_DATA/work/38/22fcc48d18f0f9bb42c7f3fd445dc9 started: 1755174074153; exited: 2025-08-14T12:21:12.038182345Z; ]
Aug-14 15:21:14.389 [Task submitter] DEBUG nextflow.executor.GridTaskHandler - [SLURM] submitted process SPLIT_SAMPLE (13) > jobId: 887244; workDir: /home/asmirnov/dissertation_new/TCR_PRED_DATA/work/7e/4f4f594edfaedd6aa0f689c00076e4
Aug-14 15:21:14.389 [Task submitter] INFO  nextflow.Session - [7e/4f4f59] Submitted process > SPLIT_SAMPLE (13)
Aug-14 15:21:14.900 [Task monitor] DEBUG n.processor.TaskPollingMonitor - Task completed > TaskHandler[jobId: 887242; id: 26; name: SPLIT_SAMPLE (10); status: COMPLETED; exit: 0; error: -; workDir: /home/asmirnov/dissertation_new/TCR_PRED_DATA/work/32/349433ff073acff0d79e638b95358c started: 1755174074526; exited: 2025-08-14T12:21:14.146193693Z; ]
Aug-14 15:21:14.936 [Task submitter] DEBUG nextflow.executor.GridTaskHandler - [SLURM] submitted process SPLIT_SAMPLE (14) > jobId: 887245; workDir: /home/asmirnov/dissertation_new/TCR_PRED_DATA/work/93/fe26577d6bf7bf7e0faded89cbb46d
Aug-14 15:21:14.936 [Task submitter] INFO  nextflow.Session - [93/fe2657] Submitted process > SPLIT_SAMPLE (14)
Aug-14 15:21:19.241 [Task monitor] DEBUG n.processor.TaskPollingMonitor - Task completed > TaskHandler[jobId: 887234; id: 20; name: SPLIT_SAMPLE (4); status: COMPLETED; exit: 0; error: -; workDir: /home/asmirnov/dissertation_new/TCR_PRED_DATA/work/59/c75d46f04f5e7f886169d417abcd09 started: 1755174064623; exited: 2025-08-14T12:21:18.545224187Z; ]
Aug-14 15:21:19.279 [Task submitter] DEBUG nextflow.executor.GridTaskHandler - [SLURM] submitted process SPLIT_SAMPLE (15) > jobId: 887246; workDir: /home/asmirnov/dissertation_new/TCR_PRED_DATA/work/f0/9e9270122e73ff427c13cc987a8b12
Aug-14 15:21:19.280 [Task submitter] INFO  nextflow.Session - [f0/9e9270] Submitted process > SPLIT_SAMPLE (15)
Aug-14 15:21:19.299 [Task monitor] DEBUG n.processor.TaskPollingMonitor - Task completed > TaskHandler[jobId: 887235; id: 21; name: SPLIT_SAMPLE (5); status: COMPLETED; exit: 0; error: -; workDir: /home/asmirnov/dissertation_new/TCR_PRED_DATA/work/e2/4b95b85d67bdc897e53f13a504bec6 started: 1755174064688; exited: 2025-08-14T12:21:16.965256876Z; ]
Aug-14 15:21:19.444 [Task submitter] DEBUG nextflow.executor.GridTaskHandler - [SLURM] submitted process SPLIT_SAMPLE (16) > jobId: 887247; workDir: /home/asmirnov/dissertation_new/TCR_PRED_DATA/work/d8/447571fe83b5267e55c83bc28aca0c
Aug-14 15:21:19.444 [Task submitter] INFO  nextflow.Session - [d8/447571] Submitted process > SPLIT_SAMPLE (16)
Aug-14 15:21:19.540 [Task monitor] DEBUG n.processor.TaskPollingMonitor - Task completed > TaskHandler[jobId: 887237; id: 22; name: SPLIT_SAMPLE (6); status: COMPLETED; exit: 0; error: -; workDir: /home/asmirnov/dissertation_new/TCR_PRED_DATA/work/4e/03fa63fdc8d51787166fe1940b5553 started: 1755174064934; exited: 2025-08-14T12:21:16.965256876Z; ]
Aug-14 15:21:19.712 [Task monitor] DEBUG n.processor.TaskPollingMonitor - Task completed > TaskHandler[jobId: 887238; id: 23; name: SPLIT_SAMPLE (7); status: COMPLETED; exit: 0; error: -; workDir: /home/asmirnov/dissertation_new/TCR_PRED_DATA/work/bd/3d9b8c5dd89f15a98f70f5b59028b0 started: 1755174065022; exited: 2025-08-14T12:21:16.965256876Z; ]
Aug-14 15:21:19.809 [Task monitor] DEBUG n.processor.TaskPollingMonitor - Task completed > TaskHandler[jobId: 887239; id: 25; name: SPLIT_SAMPLE (9); status: COMPLETED; exit: 0; error: -; workDir: /home/asmirnov/dissertation_new/TCR_PRED_DATA/work/15/abe89dcf8b649af719d2c177d8331d started: 1755174065228; exited: 2025-08-14T12:21:17.053255056Z; ]
Aug-14 15:21:19.972 [Task monitor] DEBUG n.processor.TaskPollingMonitor - Task completed > TaskHandler[jobId: 887244; id: 29; name: SPLIT_SAMPLE (13); status: COMPLETED; exit: 0; error: -; workDir: /home/asmirnov/dissertation_new/TCR_PRED_DATA/work/7e/4f4f594edfaedd6aa0f689c00076e4 started: 1755174079852; exited: 2025-08-14T12:21:17.682212726Z; ]
Aug-14 15:21:20.491 [Task monitor] DEBUG n.processor.TaskPollingMonitor - Task completed > TaskHandler[jobId: 887245; id: 30; name: SPLIT_SAMPLE (14); status: COMPLETED; exit: 0; error: -; workDir: /home/asmirnov/dissertation_new/TCR_PRED_DATA/work/93/fe26577d6bf7bf7e0faded89cbb46d started: 1755174080193; exited: 2025-08-14T12:21:17.626212425Z; ]
Aug-14 15:21:24.237 [Task monitor] DEBUG n.processor.TaskPollingMonitor - Task completed > TaskHandler[jobId: 887243; id: 28; name: SPLIT_SAMPLE (12); status: COMPLETED; exit: 0; error: -; workDir: /home/asmirnov/dissertation_new/TCR_PRED_DATA/work/72/8e5128f58b58746314cc0d16519640 started: 1755174074938; exited: 2025-08-14T12:21:20.098647814Z; ]
Aug-14 15:21:24.332 [Task monitor] DEBUG n.processor.TaskPollingMonitor - Task completed > TaskHandler[jobId: 887246; id: 31; name: SPLIT_SAMPLE (15); status: COMPLETED; exit: 0; error: -; workDir: /home/asmirnov/dissertation_new/TCR_PRED_DATA/work/f0/9e9270122e73ff427c13cc987a8b12 started: 1755174084284; exited: 2025-08-14T12:21:22.878240694Z; ]
Aug-14 15:21:24.650 [Task monitor] DEBUG n.processor.TaskPollingMonitor - Task completed > TaskHandler[jobId: 887247; id: 32; name: SPLIT_SAMPLE (16); status: COMPLETED; exit: 0; error: -; workDir: /home/asmirnov/dissertation_new/TCR_PRED_DATA/work/d8/447571fe83b5267e55c83bc28aca0c started: 1755174084377; exited: 2025-08-14T12:21:22.878240694Z; ]
Aug-14 15:22:08.998 [Task monitor] DEBUG n.processor.TaskPollingMonitor - !! executor slurm > tasks to be completed: 2 -- submitted tasks are shown below
~> TaskHandler[jobId: 887230; id: 15; name: CALC_STAT (tcr_epitope.csv); status: RUNNING; exit: -; error: -; workDir: /home/asmirnov/dissertation_new/TCR_PRED_DATA/work/9d/7c9e86553cc6c9634b4d18a4a66be7 started: 1755174064015; exited: -; ]
~> TaskHandler[jobId: 887236; id: 19; name: CALC_STAT (tcr_mhc.csv); status: RUNNING; exit: -; error: -; workDir: /home/asmirnov/dissertation_new/TCR_PRED_DATA/work/52/90f9f3d04dd2c8c3afc011ec38e288 started: 1755174064772; exited: -; ]
Aug-14 15:27:05.478 [Actor Thread 5] DEBUG nextflow.conda.CondaCache - 'conda' create complete env=/home/asmirnov/dissertation/tools/SequenceToSDF/environment.yml path=/home/asmirnov/dissertation_new/TCR_PRED_DATA/work/conda/env-4e8aed0bec0c6631-e5e5fe4d3932c36c679d8ea0c1c970fe
Aug-14 15:27:05.628 [Task submitter] DEBUG nextflow.executor.GridTaskHandler - [SLURM] submitted process CONVERT (human-cdr3beta-ch-epitope.csv) > jobId: 887248; workDir: /home/asmirnov/dissertation_new/TCR_PRED_DATA/work/db/9bf5a85d2ff93f7b99ab93c3cea8ba
Aug-14 15:27:05.629 [Task submitter] INFO  nextflow.Session - [db/9bf5a8] Submitted process > CONVERT (human-cdr3beta-ch-epitope.csv)
Aug-14 15:27:05.665 [Task submitter] DEBUG nextflow.executor.GridTaskHandler - [SLURM] submitted process CONVERT (human-cdr3alpha-ch-epitope.csv) > jobId: 887249; workDir: /home/asmirnov/dissertation_new/TCR_PRED_DATA/work/82/030186ea7cd87ac1f1b020365c1ac6
Aug-14 15:27:05.665 [Task submitter] INFO  nextflow.Session - [82/030186] Submitted process > CONVERT (human-cdr3alpha-ch-epitope.csv)
Aug-14 15:27:05.795 [Task submitter] DEBUG nextflow.executor.GridTaskHandler - [SLURM] submitted process CONVERT (human-cdr3alpha-u-epitope.csv) > jobId: 887250; workDir: /home/asmirnov/dissertation_new/TCR_PRED_DATA/work/09/4f001d9f1896feccecd07d7af6eb29
Aug-14 15:27:05.795 [Task submitter] INFO  nextflow.Session - [09/4f001d] Submitted process > CONVERT (human-cdr3alpha-u-epitope.csv)
Aug-14 15:27:05.848 [Task submitter] DEBUG nextflow.executor.GridTaskHandler - [SLURM] submitted process CONVERT (mouse-cdr3beta-u-epitope.csv) > jobId: 887251; workDir: /home/asmirnov/dissertation_new/TCR_PRED_DATA/work/99/19e3447f688bc6b0c54588bf6a2e07
Aug-14 15:27:05.848 [Task submitter] INFO  nextflow.Session - [99/19e344] Submitted process > CONVERT (mouse-cdr3beta-u-epitope.csv)
Aug-14 15:27:05.888 [Task submitter] DEBUG nextflow.executor.GridTaskHandler - [SLURM] submitted process CONVERT (human-cdr3beta-ch-mhc.csv) > jobId: 887252; workDir: /home/asmirnov/dissertation_new/TCR_PRED_DATA/work/a4/c604d47e7af62265a6e21504178399
Aug-14 15:27:05.888 [Task submitter] INFO  nextflow.Session - [a4/c604d4] Submitted process > CONVERT (human-cdr3beta-ch-mhc.csv)
Aug-14 15:27:05.926 [Task submitter] DEBUG nextflow.executor.GridTaskHandler - [SLURM] submitted process CONVERT (human-cdr3alpha-u-mhc.csv) > jobId: 887253; workDir: /home/asmirnov/dissertation_new/TCR_PRED_DATA/work/6d/1a5596e98a59bc7415c1f41b30d676
Aug-14 15:27:05.926 [Task submitter] INFO  nextflow.Session - [6d/1a5596] Submitted process > CONVERT (human-cdr3alpha-u-mhc.csv)
Aug-14 15:27:05.953 [Task submitter] DEBUG nextflow.executor.GridTaskHandler - [SLURM] submitted process CONVERT (human-cdr3beta-u-epitope.csv) > jobId: 887254; workDir: /home/asmirnov/dissertation_new/TCR_PRED_DATA/work/66/278502e04a3ff3fda0f59e1dd46c91
Aug-14 15:27:05.953 [Task submitter] INFO  nextflow.Session - [66/278502] Submitted process > CONVERT (human-cdr3beta-u-epitope.csv)
Aug-14 15:27:05.973 [Task submitter] DEBUG nextflow.executor.GridTaskHandler - [SLURM] submitted process CONVERT (mouse-cdr3alpha-ch-epitope.csv) > jobId: 887255; workDir: /home/asmirnov/dissertation_new/TCR_PRED_DATA/work/9f/d05dcf90adef23478f3b643a736461
Aug-14 15:27:05.973 [Task submitter] INFO  nextflow.Session - [9f/d05dcf] Submitted process > CONVERT (mouse-cdr3alpha-ch-epitope.csv)
Aug-14 15:27:05.988 [Task submitter] DEBUG n.processor.TaskPollingMonitor - %% executor slurm > tasks in the submission queue: 1 -- tasks to be submitted are shown below
~> TaskHandler[jobId: null; id: 41; name: CONVERT (mouse-cdr3beta-ch-epitope.csv); status: NEW; exit: -; error: -; workDir: /home/asmirnov/dissertation_new/TCR_PRED_DATA/work/26/0f031791446f7a72cd2d46853f64d2 started: -; exited: -; ]
Aug-14 15:27:09.981 [Task monitor] DEBUG n.processor.TaskPollingMonitor - !! executor slurm > tasks to be completed: 10 -- submitted tasks are shown below
~> TaskHandler[jobId: 887230; id: 15; name: CALC_STAT (tcr_epitope.csv); status: RUNNING; exit: -; error: -; workDir: /home/asmirnov/dissertation_new/TCR_PRED_DATA/work/9d/7c9e86553cc6c9634b4d18a4a66be7 started: 1755174064015; exited: -; ]
~> TaskHandler[jobId: 887236; id: 19; name: CALC_STAT (tcr_mhc.csv); status: RUNNING; exit: -; error: -; workDir: /home/asmirnov/dissertation_new/TCR_PRED_DATA/work/52/90f9f3d04dd2c8c3afc011ec38e288 started: 1755174064772; exited: -; ]
~> TaskHandler[jobId: 887248; id: 34; name: CONVERT (human-cdr3beta-ch-epitope.csv); status: SUBMITTED; exit: -; error: -; workDir: /home/asmirnov/dissertation_new/TCR_PRED_DATA/work/db/9bf5a85d2ff93f7b99ab93c3cea8ba started: -; exited: -; ]
~> TaskHandler[jobId: 887249; id: 33; name: CONVERT (human-cdr3alpha-ch-epitope.csv); status: SUBMITTED; exit: -; error: -; workDir: /home/asmirnov/dissertation_new/TCR_PRED_DATA/work/82/030186ea7cd87ac1f1b020365c1ac6 started: -; exited: -; ]
~> TaskHandler[jobId: 887250; id: 35; name: CONVERT (human-cdr3alpha-u-epitope.csv); status: SUBMITTED; exit: -; error: -; workDir: /home/asmirnov/dissertation_new/TCR_PRED_DATA/work/09/4f001d9f1896feccecd07d7af6eb29 started: -; exited: -; ]
~> TaskHandler[jobId: 887251; id: 36; name: CONVERT (mouse-cdr3beta-u-epitope.csv); status: SUBMITTED; exit: -; error: -; workDir: /home/asmirnov/dissertation_new/TCR_PRED_DATA/work/99/19e3447f688bc6b0c54588bf6a2e07 started: -; exited: -; ]
~> TaskHandler[jobId: 887252; id: 38; name: CONVERT (human-cdr3beta-ch-mhc.csv); status: SUBMITTED; exit: -; error: -; workDir: /home/asmirnov/dissertation_new/TCR_PRED_DATA/work/a4/c604d47e7af62265a6e21504178399 started: -; exited: -; ]
~> TaskHandler[jobId: 887253; id: 37; name: CONVERT (human-cdr3alpha-u-mhc.csv); status: SUBMITTED; exit: -; error: -; workDir: /home/asmirnov/dissertation_new/TCR_PRED_DATA/work/6d/1a5596e98a59bc7415c1f41b30d676 started: -; exited: -; ]
~> TaskHandler[jobId: 887254; id: 39; name: CONVERT (human-cdr3beta-u-epitope.csv); status: SUBMITTED; exit: -; error: -; workDir: /home/asmirnov/dissertation_new/TCR_PRED_DATA/work/66/278502e04a3ff3fda0f59e1dd46c91 started: -; exited: -; ]
~> TaskHandler[jobId: 887255; id: 40; name: CONVERT (mouse-cdr3alpha-ch-epitope.csv); status: SUBMITTED; exit: -; error: -; workDir: /home/asmirnov/dissertation_new/TCR_PRED_DATA/work/9f/d05dcf90adef23478f3b643a736461 started: -; exited: -; ]
Aug-14 15:27:45.199 [Task monitor] DEBUG n.processor.TaskPollingMonitor - Task completed > TaskHandler[jobId: 887255; id: 40; name: CONVERT (mouse-cdr3alpha-ch-epitope.csv); status: COMPLETED; exit: 0; error: -; workDir: /home/asmirnov/dissertation_new/TCR_PRED_DATA/work/9f/d05dcf90adef23478f3b643a736461 started: 1755174430686; exited: 2025-08-14T12:27:43.072421689Z; ]
Aug-14 15:27:45.230 [Task submitter] DEBUG nextflow.executor.GridTaskHandler - [SLURM] submitted process CONVERT (mouse-cdr3beta-ch-epitope.csv) > jobId: 887256; workDir: /home/asmirnov/dissertation_new/TCR_PRED_DATA/work/26/0f031791446f7a72cd2d46853f64d2
Aug-14 15:27:45.230 [Task submitter] INFO  nextflow.Session - [26/0f0317] Submitted process > CONVERT (mouse-cdr3beta-ch-epitope.csv)
Aug-14 15:27:50.262 [Task monitor] DEBUG n.processor.TaskPollingMonitor - Task completed > TaskHandler[jobId: 887251; id: 36; name: CONVERT (mouse-cdr3beta-u-epitope.csv); status: COMPLETED; exit: 0; error: -; workDir: /home/asmirnov/dissertation_new/TCR_PRED_DATA/work/99/19e3447f688bc6b0c54588bf6a2e07 started: 1755174430235; exited: 2025-08-14T12:27:47.749598052Z; ]
Aug-14 15:27:50.295 [Task submitter] DEBUG nextflow.executor.GridTaskHandler - [SLURM] submitted process CONVERT (mouse-cdr3alpha-u-epitope.csv) > jobId: 887257; workDir: /home/asmirnov/dissertation_new/TCR_PRED_DATA/work/05/e7bf534e82eed36e8a645af928649e
Aug-14 15:27:50.295 [Task submitter] INFO  nextflow.Session - [05/e7bf53] Submitted process > CONVERT (mouse-cdr3alpha-u-epitope.csv)
Aug-14 15:28:00.088 [Task monitor] DEBUG n.processor.TaskPollingMonitor - Task completed > TaskHandler[jobId: 887256; id: 41; name: CONVERT (mouse-cdr3beta-ch-epitope.csv); status: COMPLETED; exit: 0; error: -; workDir: /home/asmirnov/dissertation_new/TCR_PRED_DATA/work/26/0f031791446f7a72cd2d46853f64d2 started: 1755174470310; exited: 2025-08-14T12:27:56.935801845Z; ]
Aug-14 15:28:00.116 [Task submitter] DEBUG nextflow.executor.GridTaskHandler - [SLURM] submitted process CONVERT (human-cdr3alpha-ch-mhc.csv) > jobId: 887258; workDir: /home/asmirnov/dissertation_new/TCR_PRED_DATA/work/7a/bb70164f65ee1479e77d67e59f4007
Aug-14 15:28:00.116 [Task submitter] INFO  nextflow.Session - [7a/bb7016] Submitted process > CONVERT (human-cdr3alpha-ch-mhc.csv)
Aug-14 15:28:00.134 [Task monitor] DEBUG n.processor.TaskPollingMonitor - Task completed > TaskHandler[jobId: 887257; id: 42; name: CONVERT (mouse-cdr3alpha-u-epitope.csv); status: COMPLETED; exit: 0; error: -; workDir: /home/asmirnov/dissertation_new/TCR_PRED_DATA/work/05/e7bf534e82eed36e8a645af928649e started: 1755174475243; exited: 2025-08-14T12:27:58.56911434Z; ]
Aug-14 15:28:00.160 [Task submitter] DEBUG nextflow.executor.GridTaskHandler - [SLURM] submitted process CONVERT (mouse-cdr3alpha-ch-mhc.csv) > jobId: 887259; workDir: /home/asmirnov/dissertation_new/TCR_PRED_DATA/work/56/1271ce206d159d6b821b4a74fa1fb0
Aug-14 15:28:00.160 [Task submitter] INFO  nextflow.Session - [56/1271ce] Submitted process > CONVERT (mouse-cdr3alpha-ch-mhc.csv)
Aug-14 15:28:10.189 [Task monitor] DEBUG n.processor.TaskPollingMonitor - Task completed > TaskHandler[jobId: 887259; id: 44; name: CONVERT (mouse-cdr3alpha-ch-mhc.csv); status: COMPLETED; exit: 0; error: -; workDir: /home/asmirnov/dissertation_new/TCR_PRED_DATA/work/56/1271ce206d159d6b821b4a74fa1fb0 started: 1755174485260; exited: 2025-08-14T12:28:08.235296632Z; ]
Aug-14 15:28:10.217 [Task submitter] DEBUG nextflow.executor.GridTaskHandler - [SLURM] submitted process CONVERT (mouse-cdr3beta-ch-mhc.csv) > jobId: 887260; workDir: /home/asmirnov/dissertation_new/TCR_PRED_DATA/work/8d/bfe5f19db34f847c00faf82d18223a
Aug-14 15:28:10.217 [Task submitter] INFO  nextflow.Session - [8d/bfe5f1] Submitted process > CONVERT (mouse-cdr3beta-ch-mhc.csv)
Aug-14 15:28:25.461 [Task monitor] DEBUG n.processor.TaskPollingMonitor - Task completed > TaskHandler[jobId: 887260; id: 45; name: CONVERT (mouse-cdr3beta-ch-mhc.csv); status: COMPLETED; exit: 0; error: -; workDir: /home/asmirnov/dissertation_new/TCR_PRED_DATA/work/8d/bfe5f19db34f847c00faf82d18223a started: 1755174495262; exited: 2025-08-14T12:28:23.718604355Z; ]
Aug-14 15:28:25.488 [Task submitter] DEBUG nextflow.executor.GridTaskHandler - [SLURM] submitted process CONVERT (human-cdr3beta-u-mhc.csv) > jobId: 887261; workDir: /home/asmirnov/dissertation_new/TCR_PRED_DATA/work/53/a74b92f95486d6864d2a11b6417940
Aug-14 15:28:25.489 [Task submitter] INFO  nextflow.Session - [53/a74b92] Submitted process > CONVERT (human-cdr3beta-u-mhc.csv)
Aug-14 15:29:05.531 [Task monitor] DEBUG n.processor.TaskPollingMonitor - Task completed > TaskHandler[jobId: 887253; id: 37; name: CONVERT (human-cdr3alpha-u-mhc.csv); status: COMPLETED; exit: 0; error: -; workDir: /home/asmirnov/dissertation_new/TCR_PRED_DATA/work/6d/1a5596e98a59bc7415c1f41b30d676 started: 1755174430502; exited: 2025-08-14T12:29:02.478257271Z; ]
Aug-14 15:29:05.569 [Task submitter] DEBUG nextflow.executor.GridTaskHandler - [SLURM] submitted process CONVERT (mouse-cdr3alpha-u-mhc.csv) > jobId: 887262; workDir: /home/asmirnov/dissertation_new/TCR_PRED_DATA/work/65/4cd5106175f8f50138286a4b4f4f12
Aug-14 15:29:05.569 [Task submitter] INFO  nextflow.Session - [65/4cd510] Submitted process > CONVERT (mouse-cdr3alpha-u-mhc.csv)
Aug-14 15:29:20.040 [Task monitor] DEBUG n.processor.TaskPollingMonitor - Task completed > TaskHandler[jobId: 887262; id: 47; name: CONVERT (mouse-cdr3alpha-u-mhc.csv); status: COMPLETED; exit: 0; error: -; workDir: /home/asmirnov/dissertation_new/TCR_PRED_DATA/work/65/4cd5106175f8f50138286a4b4f4f12 started: 1755174550137; exited: 2025-08-14T12:29:16.277640397Z; ]
Aug-14 15:29:20.071 [Task submitter] DEBUG nextflow.executor.GridTaskHandler - [SLURM] submitted process CONVERT (mouse-cdr3beta-u-mhc.csv) > jobId: 887263; workDir: /home/asmirnov/dissertation_new/TCR_PRED_DATA/work/f1/c4131cf78e8082f821c92565931f2d
Aug-14 15:29:20.071 [Task submitter] INFO  nextflow.Session - [f1/c4131c] Submitted process > CONVERT (mouse-cdr3beta-u-mhc.csv)
Aug-14 15:29:30.293 [Task monitor] DEBUG n.processor.TaskPollingMonitor - Task completed > TaskHandler[jobId: 887258; id: 43; name: CONVERT (human-cdr3alpha-ch-mhc.csv); status: COMPLETED; exit: 0; error: -; workDir: /home/asmirnov/dissertation_new/TCR_PRED_DATA/work/7a/bb70164f65ee1479e77d67e59f4007 started: 1755174485210; exited: 2025-08-14T12:29:26.177197863Z; ]
Aug-14 15:29:35.047 [Task monitor] DEBUG n.processor.TaskPollingMonitor - Task completed > TaskHandler[jobId: 887250; id: 35; name: CONVERT (human-cdr3alpha-u-epitope.csv); status: COMPLETED; exit: 0; error: -; workDir: /home/asmirnov/dissertation_new/TCR_PRED_DATA/work/09/4f001d9f1896feccecd07d7af6eb29 started: 1755174430188; exited: 2025-08-14T12:29:31.3555802Z; ]
Aug-14 15:29:35.152 [Task monitor] DEBUG n.processor.TaskPollingMonitor - Task completed > TaskHandler[jobId: 887263; id: 48; name: CONVERT (mouse-cdr3beta-u-mhc.csv); status: COMPLETED; exit: 0; error: -; workDir: /home/asmirnov/dissertation_new/TCR_PRED_DATA/work/f1/c4131cf78e8082f821c92565931f2d started: 1755174565209; exited: 2025-08-14T12:29:30.541002792Z; ]
Aug-14 15:30:30.546 [Task monitor] DEBUG n.processor.TaskPollingMonitor - Task completed > TaskHandler[jobId: 887236; id: 19; name: CALC_STAT (tcr_mhc.csv); status: COMPLETED; exit: 0; error: -; workDir: /home/asmirnov/dissertation_new/TCR_PRED_DATA/work/52/90f9f3d04dd2c8c3afc011ec38e288 started: 1755174064772; exited: 2025-08-14T12:30:26.092677982Z; ]
Aug-14 15:30:35.677 [Task monitor] DEBUG n.processor.TaskPollingMonitor - Task completed > TaskHandler[jobId: 887249; id: 33; name: CONVERT (human-cdr3alpha-ch-epitope.csv); status: COMPLETED; exit: 0; error: -; workDir: /home/asmirnov/dissertation_new/TCR_PRED_DATA/work/82/030186ea7cd87ac1f1b020365c1ac6 started: 1755174430141; exited: 2025-08-14T12:30:31.624885435Z; ]
Aug-14 15:32:10.006 [Task monitor] DEBUG n.processor.TaskPollingMonitor - !! executor slurm > tasks to be completed: 5 -- submitted tasks are shown below
~> TaskHandler[jobId: 887230; id: 15; name: CALC_STAT (tcr_epitope.csv); status: RUNNING; exit: -; error: -; workDir: /home/asmirnov/dissertation_new/TCR_PRED_DATA/work/9d/7c9e86553cc6c9634b4d18a4a66be7 started: 1755174064015; exited: -; ]
~> TaskHandler[jobId: 887248; id: 34; name: CONVERT (human-cdr3beta-ch-epitope.csv); status: RUNNING; exit: -; error: -; workDir: /home/asmirnov/dissertation_new/TCR_PRED_DATA/work/db/9bf5a85d2ff93f7b99ab93c3cea8ba started: 1755174430102; exited: -; ]
~> TaskHandler[jobId: 887252; id: 38; name: CONVERT (human-cdr3beta-ch-mhc.csv); status: RUNNING; exit: -; error: -; workDir: /home/asmirnov/dissertation_new/TCR_PRED_DATA/work/a4/c604d47e7af62265a6e21504178399 started: 1755174430286; exited: -; ]
~> TaskHandler[jobId: 887254; id: 39; name: CONVERT (human-cdr3beta-u-epitope.csv); status: RUNNING; exit: -; error: -; workDir: /home/asmirnov/dissertation_new/TCR_PRED_DATA/work/66/278502e04a3ff3fda0f59e1dd46c91 started: 1755174430643; exited: -; ]
~> TaskHandler[jobId: 887261; id: 46; name: CONVERT (human-cdr3beta-u-mhc.csv); status: RUNNING; exit: -; error: -; workDir: /home/asmirnov/dissertation_new/TCR_PRED_DATA/work/53/a74b92f95486d6864d2a11b6417940 started: 1755174510152; exited: -; ]
Aug-14 15:36:00.559 [Task monitor] DEBUG n.processor.TaskPollingMonitor - Task completed > TaskHandler[jobId: 887230; id: 15; name: CALC_STAT (tcr_epitope.csv); status: COMPLETED; exit: 0; error: -; workDir: /home/asmirnov/dissertation_new/TCR_PRED_DATA/work/9d/7c9e86553cc6c9634b4d18a4a66be7 started: 1755174064015; exited: 2025-08-14T12:35:58.08699436Z; ]
Aug-14 15:37:10.019 [Task monitor] DEBUG n.processor.TaskPollingMonitor - !! executor slurm > tasks to be completed: 4 -- submitted tasks are shown below
~> TaskHandler[jobId: 887248; id: 34; name: CONVERT (human-cdr3beta-ch-epitope.csv); status: RUNNING; exit: -; error: -; workDir: /home/asmirnov/dissertation_new/TCR_PRED_DATA/work/db/9bf5a85d2ff93f7b99ab93c3cea8ba started: 1755174430102; exited: -; ]
~> TaskHandler[jobId: 887252; id: 38; name: CONVERT (human-cdr3beta-ch-mhc.csv); status: RUNNING; exit: -; error: -; workDir: /home/asmirnov/dissertation_new/TCR_PRED_DATA/work/a4/c604d47e7af62265a6e21504178399 started: 1755174430286; exited: -; ]
~> TaskHandler[jobId: 887254; id: 39; name: CONVERT (human-cdr3beta-u-epitope.csv); status: RUNNING; exit: -; error: -; workDir: /home/asmirnov/dissertation_new/TCR_PRED_DATA/work/66/278502e04a3ff3fda0f59e1dd46c91 started: 1755174430643; exited: -; ]
~> TaskHandler[jobId: 887261; id: 46; name: CONVERT (human-cdr3beta-u-mhc.csv); status: RUNNING; exit: -; error: -; workDir: /home/asmirnov/dissertation_new/TCR_PRED_DATA/work/53/a74b92f95486d6864d2a11b6417940 started: 1755174510152; exited: -; ]
Aug-14 15:41:00.257 [Task monitor] DEBUG n.processor.TaskPollingMonitor - Task completed > TaskHandler[jobId: 887254; id: 39; name: CONVERT (human-cdr3beta-u-epitope.csv); status: COMPLETED; exit: 0; error: -; workDir: /home/asmirnov/dissertation_new/TCR_PRED_DATA/work/66/278502e04a3ff3fda0f59e1dd46c91 started: 1755174430643; exited: 2025-08-14T12:40:56.092571556Z; ]
Aug-14 15:42:10.045 [Task monitor] DEBUG n.processor.TaskPollingMonitor - !! executor slurm > tasks to be completed: 3 -- submitted tasks are shown below
~> TaskHandler[jobId: 887248; id: 34; name: CONVERT (human-cdr3beta-ch-epitope.csv); status: RUNNING; exit: -; error: -; workDir: /home/asmirnov/dissertation_new/TCR_PRED_DATA/work/db/9bf5a85d2ff93f7b99ab93c3cea8ba started: 1755174430102; exited: -; ]
~> TaskHandler[jobId: 887252; id: 38; name: CONVERT (human-cdr3beta-ch-mhc.csv); status: RUNNING; exit: -; error: -; workDir: /home/asmirnov/dissertation_new/TCR_PRED_DATA/work/a4/c604d47e7af62265a6e21504178399 started: 1755174430286; exited: -; ]
~> TaskHandler[jobId: 887261; id: 46; name: CONVERT (human-cdr3beta-u-mhc.csv); status: RUNNING; exit: -; error: -; workDir: /home/asmirnov/dissertation_new/TCR_PRED_DATA/work/53/a74b92f95486d6864d2a11b6417940 started: 1755174510152; exited: -; ]
Aug-14 15:43:20.383 [Task monitor] DEBUG n.processor.TaskPollingMonitor - Task completed > TaskHandler[jobId: 887252; id: 38; name: CONVERT (human-cdr3beta-ch-mhc.csv); status: COMPLETED; exit: 0; error: -; workDir: /home/asmirnov/dissertation_new/TCR_PRED_DATA/work/a4/c604d47e7af62265a6e21504178399 started: 1755174430286; exited: 2025-08-14T12:43:15.607903424Z; ]
Aug-14 15:44:00.324 [Task monitor] DEBUG n.processor.TaskPollingMonitor - Task completed > TaskHandler[jobId: 887248; id: 34; name: CONVERT (human-cdr3beta-ch-epitope.csv); status: COMPLETED; exit: 0; error: -; workDir: /home/asmirnov/dissertation_new/TCR_PRED_DATA/work/db/9bf5a85d2ff93f7b99ab93c3cea8ba started: 1755174430102; exited: 2025-08-14T12:43:58.308271496Z; ]
Aug-14 15:47:10.063 [Task monitor] DEBUG n.processor.TaskPollingMonitor - !! executor slurm > tasks to be completed: 1 -- submitted tasks are shown below
~> TaskHandler[jobId: 887261; id: 46; name: CONVERT (human-cdr3beta-u-mhc.csv); status: RUNNING; exit: -; error: -; workDir: /home/asmirnov/dissertation_new/TCR_PRED_DATA/work/53/a74b92f95486d6864d2a11b6417940 started: 1755174510152; exited: -; ]
Aug-14 15:48:35.424 [Task monitor] DEBUG n.processor.TaskPollingMonitor - Task completed > TaskHandler[jobId: 887261; id: 46; name: CONVERT (human-cdr3beta-u-mhc.csv); status: COMPLETED; exit: 0; error: -; workDir: /home/asmirnov/dissertation_new/TCR_PRED_DATA/work/53/a74b92f95486d6864d2a11b6417940 started: 1755174510152; exited: 2025-08-14T12:48:32.627840025Z; ]
Aug-14 15:48:35.479 [main] DEBUG nextflow.Session - Session await > all processes finished
Aug-14 15:48:40.070 [Task monitor] DEBUG n.processor.TaskPollingMonitor - <<< barrier arrives (monitor: slurm) - terminating tasks monitor poll loop
Aug-14 15:48:40.070 [main] DEBUG nextflow.Session - Session await > all barriers passed
Aug-14 15:48:40.082 [main] DEBUG nextflow.util.ThreadPoolManager - Thread pool 'TaskFinalizer' shutdown completed (hard=false)
Aug-14 15:48:40.096 [main] DEBUG nextflow.util.ThreadPoolManager - Thread pool 'PublishDir' shutdown completed (hard=false)
Aug-14 15:48:40.108 [main] DEBUG n.trace.WorkflowStatsObserver - Workflow completed > WorkflowStats[succeededCount=48; failedCount=0; ignoredCount=0; cachedCount=0; pendingCount=0; submittedCount=0; runningCount=0; retriesCount=0; abortedCount=0; succeedDuration=1d 14h 58m 42s; failedDuration=0ms; cachedDuration=0ms;loadCpus=0; loadMemory=0; peakRunning=10; peakCpus=220; peakMemory=640 GB; ]
Aug-14 15:48:40.562 [main] DEBUG nextflow.cache.CacheDB - Closing CacheDB done
Aug-14 15:48:40.631 [main] DEBUG nextflow.util.ThreadPoolManager - Thread pool 'FileTransfer' shutdown completed (hard=false)
Aug-14 15:48:40.633 [main] DEBUG nextflow.script.ScriptRunner - > Execution complete -- Goodbye
